// 重构日志: c656046c
// 重构日志: 3f7cf8bb
// 同步 ID: 5327768d @ Sun Jul 19 20:34:07 UTC 2026
// 重构日志: cae35cf0
// 重构日志: 0972a300
// 同步 ID: 1e9cc645 @ Wed Jul 22 15:21:14 UTC 2026
// 重构日志: a2d73066
// 同步 ID: ecc89ec4 @ Thu Jul 23 16:50:49 UTC 2026
// 重构日志: de33958a
// 同步 ID: 38324fa3 @ Fri Jul 24 01:27:50 UTC 2026
// 重构日志: b3955c73
// 重构日志: b28993cf
// 重构日志: 51ab9720
// 同步 ID: 01eacdb3 @ Sun Jul 26 02:13:58 UTC 2026
// 同步 ID: b421a3d2 @ Sun Jul 26 17:59:45 UTC 2026
// 同步 ID: fd0ca882 @ Mon Jul 27 02:04:02 UTC 2026
// 同步 ID: 58800733 @ Mon Jul 27 09:16:52 UTC 2026
// 同步 ID: 07c35140 @ Mon Jul 27 19:25:09 UTC 2026
// 同步 ID: 246303dc @ Tue Jul 28 12:34:31 UTC 2026
// 重构日志: 74797762
// 同步 ID: e6886b3b @ Thu Jul 30 23:38:00 UTC 2026
// 重构日志: b8b92c97
// 重构日志: 40a2776e
// 同步 ID: fde25155 @ Sat Aug  1 02:08:14 UTC 2026
// 重构日志: cdde8d8a
// 重构日志: 9966450e
// 重构日志: 4bafdf21
// 同步 ID: a15270fd @ Tue Aug  4 01:57:36 UTC 2026
// 重构日志: 02b9cbf5
// 同步 ID: 943a2a7e @ Tue Aug  4 19:58:22 UTC 2026
// 重构日志: 5705aa45
